Real_Time_Clock.c:18:6:Battery_process	8	static
Real_Time_Clock.c:26:6:RTC_view	32	static
Real_Time_Clock.c:62:6:RTC_process	32	static
Real_Time_Clock.c:81:6:RTC_set	48	static
Real_Time_Clock.c:125:6:RTC_screen_func	16	static
Real_Time_Clock.c:169:6:RTC_screen_S9	4	static
Real_Time_Clock.c:177:6:RTC_screen_S5	4	static
Real_Time_Clock.c:183:6:RTC_screen_S8	4	static
Real_Time_Clock.c:191:6:RTC_screen_S6	4	static
Real_Time_Clock.c:205:6:RTC_screen_S7	4	static
Real_Time_Clock.c:219:6:RTC_screen_S4	24	static
