usbd_conf.c:20:6:HAL_PCD_MspInit	192	static
usbd_conf.c:83:6:HAL_PCD_MspDeInit	24	static
usbd_conf.c:128:6:HAL_PCD_SetupStageCallback	16	static
usbd_conf.c:143:6:HAL_PCD_DataOutStageCallback	16	static
usbd_conf.c:158:6:HAL_PCD_DataInStageCallback	16	static
usbd_conf.c:172:6:HAL_PCD_SOFCallback	16	static
usbd_conf.c:186:6:HAL_PCD_ResetCallback	24	static
usbd_conf.c:211:6:HAL_PCD_SuspendCallback	16	static
usbd_conf.c:236:6:HAL_PCD_ResumeCallback	16	static
usbd_conf.c:261:6:HAL_PCD_ISOOUTIncompleteCallback	16	static
usbd_conf.c:276:6:HAL_PCD_ISOINIncompleteCallback	16	static
usbd_conf.c:290:6:HAL_PCD_ConnectCallback	16	static
usbd_conf.c:304:6:HAL_PCD_DisconnectCallback	16	static
usbd_conf.c:318:20:USBD_LL_Init	16	static
usbd_conf.c:372:20:USBD_LL_DeInit	24	static
usbd_conf.c:402:20:USBD_LL_Start	24	static
usbd_conf.c:432:20:USBD_LL_Stop	24	static
usbd_conf.c:462:20:USBD_LL_OpenEP	24	static
usbd_conf.c:491:20:USBD_LL_CloseEP	24	static
usbd_conf.c:524:20:USBD_LL_FlushEP	24	static
usbd_conf.c:557:20:USBD_LL_StallEP	24	static
usbd_conf.c:590:20:USBD_LL_ClearStallEP	24	static
usbd_conf.c:623:9:USBD_LL_IsStallEP	24	static
usbd_conf.c:643:20:USBD_LL_SetUSBAddress	24	static
usbd_conf.c:678:20:USBD_LL_Transmit	32	static
usbd_conf.c:713:20:USBD_LL_PrepareReceive	32	static
usbd_conf.c:746:10:USBD_LL_GetRxDataSize	16	static
usbd_conf.c:757:6:HAL_PCDEx_LPM_Callback	16	static
usbd_conf.c:792:6:USBD_LL_Delay	16	static
usbd_conf.c:802:7:USBD_static_malloc	16	static
usbd_conf.c:816:6:USBD_static_free	16	static
usbd_conf.c:827:13:SystemClockConfig_Resume	8	static
