usbd_msc_scsi.c:52:8:SCSI_ProcessCmd	32	static
usbd_msc_scsi.c:142:15:SCSI_TestUnitReady	32	static
usbd_msc_scsi.c:187:15:SCSI_Inquiry	40	static
usbd_msc_scsi.c:246:15:SCSI_ReadCapacity10	32	static
usbd_msc_scsi.c:289:15:SCSI_ReadCapacity16	40	static
usbd_msc_scsi.c:345:15:SCSI_ReadFormatCapacity	40	static
usbd_msc_scsi.c:396:15:SCSI_ModeSense6	32	static
usbd_msc_scsi.c:425:15:SCSI_ModeSense10	32	static
usbd_msc_scsi.c:454:15:SCSI_RequestSense	32	static
usbd_msc_scsi.c:512:6:SCSI_SenseCode	24	static
usbd_msc_scsi.c:541:15:SCSI_StartStopUnit	32	static
usbd_msc_scsi.c:587:15:SCSI_AllowPreventRemovable	32	static
usbd_msc_scsi.c:619:15:SCSI_Read10	32	static
usbd_msc_scsi.c:685:15:SCSI_Read12	32	static
usbd_msc_scsi.c:753:15:SCSI_Write10	32	static
usbd_msc_scsi.c:838:15:SCSI_Write12	32	static
usbd_msc_scsi.c:927:15:SCSI_Verify10	32	static
usbd_msc_scsi.c:960:15:SCSI_CheckAddressRange	32	static
usbd_msc_scsi.c:985:15:SCSI_ProcessRead	32	static
usbd_msc_scsi.c:1027:15:SCSI_ProcessWrite	32	static
usbd_msc_scsi.c:1077:15:SCSI_UpdateBotData	32	static
