ADC.c:30:10:ADC_Read_REG	40	static
ADC.c:54:6:ADC_Conversion	32	static
ADC.c:64:9:ADC_Read_DATA	40	static
ADC.c:82:10:ADC_Read_STAT	32	static
ADC.c:99:6:ADC_Write_REG	48	static
ADC.c:111:6:ADC_Write_long_REG	48	static
ADC.c:127:6:Auto_System_Calibration	104	static
ADC.c:204:6:ADC_Calibration	32	static
ADC.c:216:6:ADC_Start_Conversion	32	static
ADC.c:232:6:ADC_Stop_Conversion	24	static
ADC.c:243:6:ADC_init	32	static
ADC.c:310:6:Continue_Converting	24	static
ADC.c:339:6:ADC_PGA_Set	24	static
ADC.c:350:6:ADC_EXT	8	static
ADC.c:434:6:ADC_process	96	static
ADC.c:505:7:HEX2FLOAT	40	static
ADC.c:522:6:HEX2BIN	32	static
