Buttons.c:16:6:Buttons_init	24	static
Buttons.c:63:6:BLueTooth_Configuration	40	static
Buttons.c:99:6:LED	32	static
Buttons.c:115:6:Button_S1_press_callback	8	static
Buttons.c:131:6:Button_S2_press_callback	8	static
Buttons.c:149:6:Button_S3_press_callback	8	static
Buttons.c:169:6:Button_S4_press_callback	8	static
Buttons.c:188:6:Button_S5_press_callback	8	static
Buttons.c:209:6:Button_S6_press_callback	8	static
Buttons.c:229:6:Button_S7_press_callback	8	static
Buttons.c:250:6:Button_S8_press_callback	8	static
Buttons.c:270:6:Button_S9_press_callback	8	static
Buttons.c:294:6:Button_S10_press_callback	4	static
Buttons.c:307:6:Button_S11_press_callback	4	static
Buttons.c:323:6:Buttons_process	32	static
Buttons.c:375:6:Buttons_timer	4	static
