Buttons.c:16:6:Buttons_init	24	static
Buttons.c:62:6:BLueTooth_Configuration	40	static
Buttons.c:98:6:LED	32	static
Buttons.c:114:6:Button_S1_press_callback	8	static
Buttons.c:130:6:Button_S2_press_callback	8	static
Buttons.c:148:6:Button_S3_press_callback	8	static
Buttons.c:168:6:Button_S4_press_callback	8	static
Buttons.c:187:6:Button_S5_press_callback	8	static
Buttons.c:208:6:Button_S6_press_callback	8	static
Buttons.c:228:6:Button_S7_press_callback	8	static
Buttons.c:249:6:Button_S8_press_callback	8	static
Buttons.c:269:6:Button_S9_press_callback	8	static
Buttons.c:293:6:Button_S10_press_callback	4	static
Buttons.c:306:6:Button_S11_press_callback	4	static
Buttons.c:322:6:Buttons_process	32	static
Buttons.c:374:6:Buttons_timer	4	static
