main.c:95:6:led_on	8	static
main.c:101:6:led_off	8	static
main.c:107:6:test_task	16	static
main.c:120:5:main	8	static
main.c:211:6:SystemClock_Config	96	static
main.c:266:13:MX_ADC1_Init	48	static
main.c:330:13:MX_ADC2_Init	32	static
main.c:386:13:MX_DAC1_Init	48	static
main.c:428:13:MX_I2C1_Init	8	static
main.c:474:13:MX_I2C2_Init	8	static
main.c:520:13:MX_RTC_Init	8	static
main.c:556:13:MX_SPI1_Init	8	static
main.c:596:13:MX_SPI2_Init	8	static
main.c:636:13:MX_SPI3_Init	8	static
main.c:676:13:MX_TIM2_Init	48	static
main.c:726:13:MX_TIM4_Init	48	static
main.c:775:13:MX_TIM6_Init	24	static
main.c:816:13:MX_USART1_UART_Init	8	static
main.c:849:13:MX_DMA_Init	16	static
main.c:873:13:MX_GPIO_Init	56	static
main.c:979:6:HAL_TIM_PeriodElapsedCallback	16	static
main.c:1005:6:Error_Handler	4	static,ignoring_inline_asm
