main.c:95:6:led_on	8	static
main.c:101:6:led_off	8	static
main.c:113:5:main	16	static
main.c:202:6:SystemClock_Config	96	static
main.c:257:13:MX_ADC1_Init	48	static
main.c:321:13:MX_ADC2_Init	32	static
main.c:377:13:MX_DAC1_Init	48	static
main.c:419:13:MX_I2C1_Init	8	static
main.c:465:13:MX_I2C2_Init	8	static
main.c:511:13:MX_RTC_Init	8	static
main.c:547:13:MX_SPI1_Init	8	static
main.c:587:13:MX_SPI2_Init	8	static
main.c:627:13:MX_SPI3_Init	8	static
main.c:667:13:MX_TIM2_Init	48	static
main.c:717:13:MX_TIM4_Init	48	static
main.c:766:13:MX_TIM6_Init	24	static
main.c:807:13:MX_USART1_UART_Init	8	static
main.c:840:13:MX_DMA_Init	16	static
main.c:864:13:MX_GPIO_Init	56	static
main.c:970:6:HAL_TIM_PeriodElapsedCallback	16	static
main.c:996:6:Error_Handler	4	static,ignoring_inline_asm
